
> Task :buildEnvironment

------------------------------------------------------------
Root project 'external-libraries'
------------------------------------------------------------

classpath
\--- org.asciidoctor.jvm.convert:org.asciidoctor.jvm.convert.gradle.plugin:3.2.0
     \--- org.asciidoctor:asciidoctor-gradle-jvm:3.2.0
          +--- org.ysb33r.gradle:grolifant:0.16.1
          |    \--- org.tukaani:xz:1.6
          \--- org.asciidoctor:asciidoctor-gradle-base:3.2.0
               \--- org.ysb33r.gradle:grolifant:0.16.1 (*)

(*) - Indicates repeated occurrences of a transitive dependency subtree. Gradle expands transitive dependency subtrees only once per project; repeat occurrences only display the root of the subtree, followed by this annotation.

A web-based, searchable dependency report is available by adding the --scan option.

BUILD SUCCESSFUL in 0s
1 actionable task: 1 executed
